V3 3
FL /home/student2/aacharya/Desktop/COE758/Project2/Game.vhd 2023/12/04.09:49:50 O.87xd
EN work/Game 1701701395 \
      FL /home/student2/aacharya/Desktop/COE758/Project2/Game.vhd \
      PB ieee/std_logic_1164 1325952872 PB ieee/std_logic_arith 1325952873 \
      PB ieee/STD_LOGIC_UNSIGNED 1325952875 PB ieee/NUMERIC_STD 1325952877
AR work/Game/Behavioral 1701701396 \
      FL /home/student2/aacharya/Desktop/COE758/Project2/Game.vhd EN work/Game 1701701395
